
C:\Users\admin\OneDrive\Desktop\online-taxi\src\app\components\BookingSection.js
  239:6   warning  React Hook useEffect has a missing dependency: 'fetchAvailableCabs'. Either include it or remove the dependency array                                                                                                                                                                    react-hooks/exhaustive-deps
  528:21  warning  Using `<img>` could result in slower LCP and higher bandwidth. Consider using `<Image />` from `next/image` or a custom image loader to automatically optimize images. This may incur additional usage or cost from your provider. See: https://nextjs.org/docs/messages/no-img-element  @next/next/no-img-element

Γ£û 2 problems (0 errors, 2 warnings)

